Archive member included because of file (symbol)

e:/sdk_win_64/sdk_win_64/winavr/bin/../lib/gcc/avr/4.3.3/avr5\libgcc.a(_udivmodsi4.o)
                              ./MCAL/MTIMER/MTIMER_Program.o (__udivmodsi4)
e:/sdk_win_64/sdk_win_64/winavr/bin/../lib/gcc/avr/4.3.3/avr5\libgcc.a(_exit.o)
                              e:/sdk_win_64/sdk_win_64/winavr/bin/../lib/gcc/avr/4.3.3/../../../../avr/lib/avr5/crtm32.o (exit)
e:/sdk_win_64/sdk_win_64/winavr/bin/../lib/gcc/avr/4.3.3/avr5\libgcc.a(_copy_data.o)
                              ./HAL/HUS/HUS_Program.o (__do_copy_data)
e:/sdk_win_64/sdk_win_64/winavr/bin/../lib/gcc/avr/4.3.3/avr5\libgcc.a(_clear_bss.o)
                              ./MCAL/MTIMER/MTIMER_Program.o (__do_clear_bss)
e:/sdk_win_64/sdk_win_64/winavr/bin/../lib/gcc/avr/4.3.3/avr5\libgcc.a(_fixunssfsi.o)
                              ./HAL/HUS/HUS_Program.o (__fixunssfsi)
e:/sdk_win_64/sdk_win_64/winavr/bin/../lib/gcc/avr/4.3.3/avr5\libgcc.a(_addsub_sf.o)
                              e:/sdk_win_64/sdk_win_64/winavr/bin/../lib/gcc/avr/4.3.3/avr5\libgcc.a(_fixunssfsi.o) (__subsf3)
e:/sdk_win_64/sdk_win_64/winavr/bin/../lib/gcc/avr/4.3.3/avr5\libgcc.a(_mul_sf.o)
                              ./HAL/HUS/HUS_Program.o (__mulsf3)
e:/sdk_win_64/sdk_win_64/winavr/bin/../lib/gcc/avr/4.3.3/avr5\libgcc.a(_div_sf.o)
                              ./HAL/HUS/HUS_Program.o (__divsf3)
e:/sdk_win_64/sdk_win_64/winavr/bin/../lib/gcc/avr/4.3.3/avr5\libgcc.a(_gt_sf.o)
                              ./HAL/HUS/HUS_Program.o (__gtsf2)
e:/sdk_win_64/sdk_win_64/winavr/bin/../lib/gcc/avr/4.3.3/avr5\libgcc.a(_ge_sf.o)
                              e:/sdk_win_64/sdk_win_64/winavr/bin/../lib/gcc/avr/4.3.3/avr5\libgcc.a(_fixunssfsi.o) (__gesf2)
e:/sdk_win_64/sdk_win_64/winavr/bin/../lib/gcc/avr/4.3.3/avr5\libgcc.a(_lt_sf.o)
                              ./HAL/HUS/HUS_Program.o (__ltsf2)
e:/sdk_win_64/sdk_win_64/winavr/bin/../lib/gcc/avr/4.3.3/avr5\libgcc.a(_sf_to_si.o)
                              e:/sdk_win_64/sdk_win_64/winavr/bin/../lib/gcc/avr/4.3.3/avr5\libgcc.a(_fixunssfsi.o) (__fixsfsi)
e:/sdk_win_64/sdk_win_64/winavr/bin/../lib/gcc/avr/4.3.3/avr5\libgcc.a(_thenan_sf.o)
                              e:/sdk_win_64/sdk_win_64/winavr/bin/../lib/gcc/avr/4.3.3/avr5\libgcc.a(_addsub_sf.o) (__thenan_sf)
e:/sdk_win_64/sdk_win_64/winavr/bin/../lib/gcc/avr/4.3.3/avr5\libgcc.a(_prologue.o)
                              e:/sdk_win_64/sdk_win_64/winavr/bin/../lib/gcc/avr/4.3.3/avr5\libgcc.a(_addsub_sf.o) (__prologue_saves__)
e:/sdk_win_64/sdk_win_64/winavr/bin/../lib/gcc/avr/4.3.3/avr5\libgcc.a(_epilogue.o)
                              e:/sdk_win_64/sdk_win_64/winavr/bin/../lib/gcc/avr/4.3.3/avr5\libgcc.a(_addsub_sf.o) (__epilogue_restores__)
e:/sdk_win_64/sdk_win_64/winavr/bin/../lib/gcc/avr/4.3.3/avr5\libgcc.a(_pack_sf.o)
                              e:/sdk_win_64/sdk_win_64/winavr/bin/../lib/gcc/avr/4.3.3/avr5\libgcc.a(_addsub_sf.o) (__pack_f)
e:/sdk_win_64/sdk_win_64/winavr/bin/../lib/gcc/avr/4.3.3/avr5\libgcc.a(_unpack_sf.o)
                              e:/sdk_win_64/sdk_win_64/winavr/bin/../lib/gcc/avr/4.3.3/avr5\libgcc.a(_addsub_sf.o) (__unpack_f)
e:/sdk_win_64/sdk_win_64/winavr/bin/../lib/gcc/avr/4.3.3/avr5\libgcc.a(_fpcmp_parts_sf.o)
                              e:/sdk_win_64/sdk_win_64/winavr/bin/../lib/gcc/avr/4.3.3/avr5\libgcc.a(_gt_sf.o) (__fpcmp_parts_f)

Memory Configuration

Name             Origin             Length             Attributes
text             0x00000000         0x00020000         xr
data             0x00800060         0x0000ffa0         rw !x
eeprom           0x00810000         0x00010000         rw !x
fuse             0x00820000         0x00000400         rw !x
lock             0x00830000         0x00000400         rw !x
signature        0x00840000         0x00000400         rw !x
*default*        0x00000000         0xffffffff

Linker script and memory map

LOAD e:/sdk_win_64/sdk_win_64/winavr/bin/../lib/gcc/avr/4.3.3/../../../../avr/lib/avr5/crtm32.o
LOAD ./MCAL/MUSART/MSUART_Program.o
LOAD ./MCAL/MTWI/MTWI_Program.o
LOAD ./MCAL/MTIMER/MTIMER_Program.o
LOAD ./MCAL/MSPI/MSPI_Program.o
LOAD ./MCAL/MGIE/MGIE_Program.o
LOAD ./MCAL/MEXTI/MEXTI_Program.o
LOAD ./MCAL/MDIO/MDIO_Program.o
LOAD ./MCAL/MADC/MADC_Program.o
LOAD ./HAL/HUS/HUS_Program.o
LOAD ./HAL/HSEVEN_SEG/HSEVEN_SEG_Program.o
LOAD ./HAL/HSERVO/HSERVO_Programe.o
LOAD ./HAL/HKPD/HKPD_Program.o
LOAD ./HAL/HDCM/HDCM_Program.o
LOAD ./HAL/HCLCD/HCLCD_Program.o
LOAD ./HAL/EEPROM/EEPROM_Program.o
LOAD ./main.o
LOAD e:/sdk_win_64/sdk_win_64/winavr/bin/../lib/gcc/avr/4.3.3/avr5\libgcc.a
LOAD e:/sdk_win_64/sdk_win_64/winavr/bin/../lib/gcc/avr/4.3.3/../../../../avr/lib/avr5\libc.a
LOAD e:/sdk_win_64/sdk_win_64/winavr/bin/../lib/gcc/avr/4.3.3/avr5\libgcc.a

.hash
 *(.hash)

.dynsym
 *(.dynsym)

.dynstr
 *(.dynstr)

.gnu.version
 *(.gnu.version)

.gnu.version_d
 *(.gnu.version_d)

.gnu.version_r
 *(.gnu.version_r)

.rel.init
 *(.rel.init)

.rela.init
 *(.rela.init)

.rel.text
 *(.rel.text)
 *(.rel.text.*)
 *(.rel.gnu.linkonce.t*)

.rela.text
 *(.rela.text)
 *(.rela.text.*)
 *(.rela.gnu.linkonce.t*)

.rel.fini
 *(.rel.fini)

.rela.fini
 *(.rela.fini)

.rel.rodata
 *(.rel.rodata)
 *(.rel.rodata.*)
 *(.rel.gnu.linkonce.r*)

.rela.rodata
 *(.rela.rodata)
 *(.rela.rodata.*)
 *(.rela.gnu.linkonce.r*)

.rel.data
 *(.rel.data)
 *(.rel.data.*)
 *(.rel.gnu.linkonce.d*)

.rela.data
 *(.rela.data)
 *(.rela.data.*)
 *(.rela.gnu.linkonce.d*)

.rel.ctors
 *(.rel.ctors)

.rela.ctors
 *(.rela.ctors)

.rel.dtors
 *(.rel.dtors)

.rela.dtors
 *(.rela.dtors)

.rel.got
 *(.rel.got)

.rela.got
 *(.rela.got)

.rel.bss
 *(.rel.bss)

.rela.bss
 *(.rela.bss)

.rel.plt
 *(.rel.plt)

.rela.plt
 *(.rela.plt)

.text           0x00000000     0x4778
 *(.vectors)
 .vectors       0x00000000       0x54 e:/sdk_win_64/sdk_win_64/winavr/bin/../lib/gcc/avr/4.3.3/../../../../avr/lib/avr5/crtm32.o
                0x00000000                __vectors
                0x00000000                __vector_default
 *(.vectors)
 *(.progmem.gcc*)
 *(.progmem*)
                0x00000054                . = ALIGN (0x2)
                0x00000054                __trampolines_start = .
 *(.trampolines)
 .trampolines   0x00000054        0x0 linker stubs
 *(.trampolines*)
                0x00000054                __trampolines_end = .
 *(.jumptables)
 *(.jumptables*)
 *(.lowtext)
 *(.lowtext*)
                0x00000054                __ctors_start = .
 *(.ctors)
                0x00000054                __ctors_end = .
                0x00000054                __dtors_start = .
 *(.dtors)
                0x00000054                __dtors_end = .
 SORT(*)(.ctors)
 SORT(*)(.dtors)
 *(.init0)
 .init0         0x00000054        0x0 e:/sdk_win_64/sdk_win_64/winavr/bin/../lib/gcc/avr/4.3.3/../../../../avr/lib/avr5/crtm32.o
                0x00000054                __init
 *(.init0)
 *(.init1)
 *(.init1)
 *(.init2)
 .init2         0x00000054        0xc e:/sdk_win_64/sdk_win_64/winavr/bin/../lib/gcc/avr/4.3.3/../../../../avr/lib/avr5/crtm32.o
 *(.init2)
 *(.init3)
 *(.init3)
 *(.init4)
 .init4         0x00000060       0x16 e:/sdk_win_64/sdk_win_64/winavr/bin/../lib/gcc/avr/4.3.3/avr5\libgcc.a(_copy_data.o)
                0x00000060                __do_copy_data
 .init4         0x00000076       0x10 e:/sdk_win_64/sdk_win_64/winavr/bin/../lib/gcc/avr/4.3.3/avr5\libgcc.a(_clear_bss.o)
                0x00000076                __do_clear_bss
 *(.init4)
 *(.init5)
 *(.init5)
 *(.init6)
 *(.init6)
 *(.init7)
 *(.init7)
 *(.init8)
 *(.init8)
 *(.init9)
 .init9         0x00000086        0x8 e:/sdk_win_64/sdk_win_64/winavr/bin/../lib/gcc/avr/4.3.3/../../../../avr/lib/avr5/crtm32.o
 *(.init9)
 *(.text)
 .text          0x0000008e        0x4 e:/sdk_win_64/sdk_win_64/winavr/bin/../lib/gcc/avr/4.3.3/../../../../avr/lib/avr5/crtm32.o
                0x0000008e                __vector_12
                0x0000008e                __bad_interrupt
                0x0000008e                __vector_6
                0x0000008e                __vector_3
                0x0000008e                __vector_13
                0x0000008e                __vector_17
                0x0000008e                __vector_19
                0x0000008e                __vector_7
                0x0000008e                __vector_5
                0x0000008e                __vector_4
                0x0000008e                __vector_9
                0x0000008e                __vector_15
                0x0000008e                __vector_8
                0x0000008e                __vector_14
                0x0000008e                __vector_16
                0x0000008e                __vector_18
                0x0000008e                __vector_20
 .text          0x00000092        0x0 ./MCAL/MUSART/MSUART_Program.o
 .text          0x00000092        0x0 ./MCAL/MTWI/MTWI_Program.o
 .text          0x00000092        0x0 ./MCAL/MTIMER/MTIMER_Program.o
 .text          0x00000092        0x0 ./MCAL/MSPI/MSPI_Program.o
 .text          0x00000092        0x0 ./MCAL/MGIE/MGIE_Program.o
 .text          0x00000092        0x0 ./MCAL/MEXTI/MEXTI_Program.o
 .text          0x00000092        0x0 ./MCAL/MDIO/MDIO_Program.o
 .text          0x00000092        0x0 ./MCAL/MADC/MADC_Program.o
 .text          0x00000092        0x0 ./HAL/HUS/HUS_Program.o
 .text          0x00000092        0x0 ./HAL/HSEVEN_SEG/HSEVEN_SEG_Program.o
 .text          0x00000092        0x0 ./HAL/HSERVO/HSERVO_Programe.o
 .text          0x00000092        0x0 ./HAL/HKPD/HKPD_Program.o
 .text          0x00000092        0x0 ./HAL/HDCM/HDCM_Program.o
 .text          0x00000092        0x0 ./HAL/HCLCD/HCLCD_Program.o
 .text          0x00000092        0x0 ./HAL/EEPROM/EEPROM_Program.o
 .text          0x00000092        0x0 ./main.o
 .text          0x00000092        0x0 e:/sdk_win_64/sdk_win_64/winavr/bin/../lib/gcc/avr/4.3.3/avr5\libgcc.a(_udivmodsi4.o)
 .text          0x00000092        0x0 e:/sdk_win_64/sdk_win_64/winavr/bin/../lib/gcc/avr/4.3.3/avr5\libgcc.a(_exit.o)
 .text          0x00000092        0x0 e:/sdk_win_64/sdk_win_64/winavr/bin/../lib/gcc/avr/4.3.3/avr5\libgcc.a(_copy_data.o)
 .text          0x00000092        0x0 e:/sdk_win_64/sdk_win_64/winavr/bin/../lib/gcc/avr/4.3.3/avr5\libgcc.a(_clear_bss.o)
 .text          0x00000092       0x58 e:/sdk_win_64/sdk_win_64/winavr/bin/../lib/gcc/avr/4.3.3/avr5\libgcc.a(_fixunssfsi.o)
                0x00000092                __fixunssfsi
 .text          0x000000ea      0x354 e:/sdk_win_64/sdk_win_64/winavr/bin/../lib/gcc/avr/4.3.3/avr5\libgcc.a(_addsub_sf.o)
                0x00000382                __subsf3
                0x000003e4                __addsf3
 .text          0x0000043e      0x1f4 e:/sdk_win_64/sdk_win_64/winavr/bin/../lib/gcc/avr/4.3.3/avr5\libgcc.a(_mul_sf.o)
                0x0000043e                __mulsf3
 .text          0x00000632      0x158 e:/sdk_win_64/sdk_win_64/winavr/bin/../lib/gcc/avr/4.3.3/avr5\libgcc.a(_div_sf.o)
                0x00000632                __divsf3
 .text          0x0000078a       0x60 e:/sdk_win_64/sdk_win_64/winavr/bin/../lib/gcc/avr/4.3.3/avr5\libgcc.a(_gt_sf.o)
                0x0000078a                __gtsf2
 .text          0x000007ea       0x60 e:/sdk_win_64/sdk_win_64/winavr/bin/../lib/gcc/avr/4.3.3/avr5\libgcc.a(_ge_sf.o)
                0x000007ea                __gesf2
 .text          0x0000084a       0x60 e:/sdk_win_64/sdk_win_64/winavr/bin/../lib/gcc/avr/4.3.3/avr5\libgcc.a(_lt_sf.o)
                0x0000084a                __ltsf2
 .text          0x000008aa       0xa8 e:/sdk_win_64/sdk_win_64/winavr/bin/../lib/gcc/avr/4.3.3/avr5\libgcc.a(_sf_to_si.o)
                0x000008aa                __fixsfsi
 .text          0x00000952        0x0 e:/sdk_win_64/sdk_win_64/winavr/bin/../lib/gcc/avr/4.3.3/avr5\libgcc.a(_thenan_sf.o)
 .text          0x00000952        0x0 e:/sdk_win_64/sdk_win_64/winavr/bin/../lib/gcc/avr/4.3.3/avr5\libgcc.a(_prologue.o)
 .text          0x00000952        0x0 e:/sdk_win_64/sdk_win_64/winavr/bin/../lib/gcc/avr/4.3.3/avr5\libgcc.a(_epilogue.o)
 .text          0x00000952      0x1aa e:/sdk_win_64/sdk_win_64/winavr/bin/../lib/gcc/avr/4.3.3/avr5\libgcc.a(_pack_sf.o)
                0x00000952                __pack_f
 .text          0x00000afc       0xf0 e:/sdk_win_64/sdk_win_64/winavr/bin/../lib/gcc/avr/4.3.3/avr5\libgcc.a(_unpack_sf.o)
                0x00000afc                __unpack_f
 .text          0x00000bec       0xb2 e:/sdk_win_64/sdk_win_64/winavr/bin/../lib/gcc/avr/4.3.3/avr5\libgcc.a(_fpcmp_parts_sf.o)
                0x00000bec                __fpcmp_parts_f
                0x00000c9e                . = ALIGN (0x2)
 *(.text.*)
 .text.MSUART_Init
                0x00000c9e       0x86 ./MCAL/MUSART/MSUART_Program.o
                0x00000c9e                MSUART_Init
 .text.MSUART_SendChar
                0x00000d24       0x34 ./MCAL/MUSART/MSUART_Program.o
                0x00000d24                MSUART_SendChar
 .text.MSUART_RecieveChar
                0x00000d58       0x1e ./MCAL/MUSART/MSUART_Program.o
                0x00000d58                MSUART_RecieveChar
 .text.MUSART_SendString
                0x00000d76       0x52 ./MCAL/MUSART/MSUART_Program.o
                0x00000d76                MUSART_SendString
 .text.MUSART_ReceiveString
                0x00000dc8       0x5c ./MCAL/MUSART/MSUART_Program.o
                0x00000dc8                MUSART_ReceiveString
 .text.MTWI_MasterInit
                0x00000e24       0xa8 ./MCAL/MTWI/MTWI_Program.o
                0x00000e24                MTWI_MasterInit
 .text.MTWI_SlaveInit
                0x00000ecc       0x8c ./MCAL/MTWI/MTWI_Program.o
                0x00000ecc                MTWI_SlaveInit
 .text.MTWI_SendStartCondition
                0x00000f58       0x58 ./MCAL/MTWI/MTWI_Program.o
                0x00000f58                MTWI_SendStartCondition
 .text.MTWI_SendSlaveAddress_WithWrite
                0x00000fb0       0x6e ./MCAL/MTWI/MTWI_Program.o
                0x00000fb0                MTWI_SendSlaveAddress_WithWrite
 .text.MTWI_SendSlaveAddress_WithRead
                0x0000101e       0x76 ./MCAL/MTWI/MTWI_Program.o
                0x0000101e                MTWI_SendSlaveAddress_WithRead
 .text.MTWI_MasterSlaveWriteData
                0x00001094       0x56 ./MCAL/MTWI/MTWI_Program.o
                0x00001094                MTWI_MasterSlaveWriteData
 .text.MTWI_MasterSlaveReadData
                0x000010ea       0x60 ./MCAL/MTWI/MTWI_Program.o
                0x000010ea                MTWI_MasterSlaveReadData
 .text.MTWI_SendStopCondtition
                0x0000114a       0x3c ./MCAL/MTWI/MTWI_Program.o
                0x0000114a                MTWI_SendStopCondtition
 .text.MTIMER0_Init
                0x00001186       0x54 ./MCAL/MTIMER/MTIMER_Program.o
                0x00001186                MTIMER0_Init
 .text.MTIMER0_SetPreload
                0x000011da       0x1c ./MCAL/MTIMER/MTIMER_Program.o
                0x000011da                MTIMER0_SetPreload
 .text.MTIMER0_SetCTC
                0x000011f6       0x1c ./MCAL/MTIMER/MTIMER_Program.o
                0x000011f6                MTIMER0_SetCTC
 .text.MTIMER0_OVERFLOW_CALLBACK
                0x00001212       0x38 ./MCAL/MTIMER/MTIMER_Program.o
                0x00001212                MTIMER0_OVERFLOW_CALLBACK
 .text.MTIMER0_CTC_CALLBACK
                0x0000124a       0x38 ./MCAL/MTIMER/MTIMER_Program.o
                0x0000124a                MTIMER0_CTC_CALLBACK
 .text.MTIMER0_SetDutyCycle
                0x00001282       0x64 ./MCAL/MTIMER/MTIMER_Program.o
                0x00001282                MTIMER0_SetDutyCycle
 .text.MTIMER0_STOP
                0x000012e6       0x2a ./MCAL/MTIMER/MTIMER_Program.o
                0x000012e6                MTIMER0_STOP
 .text.__vector_10
                0x00001310       0x66 ./MCAL/MTIMER/MTIMER_Program.o
                0x00001310                __vector_10
 .text.__vector_11
                0x00001376       0x66 ./MCAL/MTIMER/MTIMER_Program.o
                0x00001376                __vector_11
 .text.MSPI_MasterInit
                0x000013dc       0x8c ./MCAL/MSPI/MSPI_Program.o
                0x000013dc                MSPI_MasterInit
 .text.MSPI_SlaveInit
                0x00001468       0x62 ./MCAL/MSPI/MSPI_Program.o
                0x00001468                MSPI_SlaveInit
 .text.MSPI_SendReceive
                0x000014ca       0x2c ./MCAL/MSPI/MSPI_Program.o
                0x000014ca                MSPI_SendReceive
 .text.MGIE_Enable
                0x000014f6       0x1c ./MCAL/MGIE/MGIE_Program.o
                0x000014f6                MGIE_Enable
 .text.MGIE_Disable
                0x00001512       0x1c ./MCAL/MGIE/MGIE_Program.o
                0x00001512                MGIE_Disable
 .text.MEXTII0_Init
                0x0000152e       0x38 ./MCAL/MEXTI/MEXTI_Program.o
                0x0000152e                MEXTII0_Init
 .text.MEXTII1_Init
                0x00001566       0x38 ./MCAL/MEXTI/MEXTI_Program.o
                0x00001566                MEXTII1_Init
 .text.MEXTII2_Init
                0x0000159e        0xe ./MCAL/MEXTI/MEXTI_Program.o
                0x0000159e                MEXTII2_Init
 .text.MEXTI_Callback1
                0x000015ac       0x2c ./MCAL/MEXTI/MEXTI_Program.o
                0x000015ac                MEXTI_Callback1
 .text.MEXTI_Callback2
                0x000015d8       0x2c ./MCAL/MEXTI/MEXTI_Program.o
                0x000015d8                MEXTI_Callback2
 .text.__vector_1
                0x00001604       0x66 ./MCAL/MEXTI/MEXTI_Program.o
                0x00001604                __vector_1
 .text.__vector_2
                0x0000166a       0x66 ./MCAL/MEXTI/MEXTI_Program.o
                0x0000166a                __vector_2
 .text.MDIO_SetPortDirection
                0x000016d0       0x8e ./MCAL/MDIO/MDIO_Program.o
                0x000016d0                MDIO_SetPortDirection
 .text.MDIO_SetPinDirection
                0x0000175e      0x1ec ./MCAL/MDIO/MDIO_Program.o
                0x0000175e                MDIO_SetPinDirection
 .text.MDIO_SetPortValue
                0x0000194a       0x82 ./MCAL/MDIO/MDIO_Program.o
                0x0000194a                MDIO_SetPortValue
 .text.MDIO_SetPinValue
                0x000019cc      0x1ec ./MCAL/MDIO/MDIO_Program.o
                0x000019cc                MDIO_SetPinValue
 .text.MDIO_ReadPortValue
                0x00001bb8       0xa0 ./MCAL/MDIO/MDIO_Program.o
                0x00001bb8                MDIO_ReadPortValue
 .text.MDIO_ReadPinValue
                0x00001c58      0x11a ./MCAL/MDIO/MDIO_Program.o
                0x00001c58                MDIO_ReadPinValue
 .text.MDIO_TogglePin
                0x00001d72      0x102 ./MCAL/MDIO/MDIO_Program.o
                0x00001d72                MDIO_TogglePin
 .text.MDIO_SetNibbleValue
                0x00001e74      0x188 ./MCAL/MDIO/MDIO_Program.o
                0x00001e74                MDIO_SetNibbleValue
 .text.MADC_Init
                0x00001ffc       0x70 ./MCAL/MADC/MADC_Program.o
                0x00001ffc                MADC_Init
 .text.MADC_StartConversion
                0x0000206c       0x66 ./MCAL/MADC/MADC_Program.o
                0x0000206c                MADC_StartConversion
 .text.US_EXTI_RECEIVE
                0x000020d2      0x222 ./HAL/HUS/HUS_Program.o
                0x000020d2                US_EXTI_RECEIVE
 .text.US_OverFlow_Counter
                0x000022f4       0x18 ./HAL/HUS/HUS_Program.o
                0x000022f4                US_OverFlow_Counter
 .text.US_INIT  0x0000230c      0x2cc ./HAL/HUS/HUS_Program.o
                0x0000230c                US_INIT
 .text.HSEVEN_SEG_Init
                0x000025d8       0x7c ./HAL/HSEVEN_SEG/HSEVEN_SEG_Program.o
                0x000025d8                HSEVEN_SEG_Init
 .text.HSEVEN_SEG_SetMode
                0x00002654       0x54 ./HAL/HSEVEN_SEG/HSEVEN_SEG_Program.o
                0x00002654                HSEVEN_SEG_SetMode
 .text.HSEVEN_SEG_Display
                0x000026a8      0x402 ./HAL/HSEVEN_SEG/HSEVEN_SEG_Program.o
                0x000026a8                HSEVEN_SEG_Display
 .text.TIMER1_VidInit
                0x00002aaa       0x8c ./HAL/HSERVO/HSERVO_Programe.o
                0x00002aaa                TIMER1_VidInit
 .text.TIMER1_SetTopValue
                0x00002b36       0x24 ./HAL/HSERVO/HSERVO_Programe.o
                0x00002b36                TIMER1_SetTopValue
 .text.TIMER1_Set_OCR1A_Value
                0x00002b5a       0x24 ./HAL/HSERVO/HSERVO_Programe.o
                0x00002b5a                TIMER1_Set_OCR1A_Value
 .text.HSERVO_Init
                0x00002b7e       0x24 ./HAL/HSERVO/HSERVO_Programe.o
                0x00002b7e                HSERVO_Init
 .text.HSERVO_Rotate
                0x00002ba2      0x3d6 ./HAL/HSERVO/HSERVO_Programe.o
                0x00002ba2                HSERVO_Rotate
 .text.HSERVO_Rotate_Middle
                0x00002f78       0x16 ./HAL/HSERVO/HSERVO_Programe.o
                0x00002f78                HSERVO_Rotate_Middle
 .text.HSERVO_Rotate_Right
                0x00002f8e       0x16 ./HAL/HSERVO/HSERVO_Programe.o
                0x00002f8e                HSERVO_Rotate_Right
 .text.HSERVO_Rotate_Left
                0x00002fa4       0x16 ./HAL/HSERVO/HSERVO_Programe.o
                0x00002fa4                HSERVO_Rotate_Left
 .text.HKPD_Init
                0x00002fba       0xae ./HAL/HKPD/HKPD_Program.o
                0x00002fba                HKPD_Init
 .text.HKPD_GetPressedButton
                0x00003068      0x244 ./HAL/HKPD/HKPD_Program.o
                0x00003068                HKPD_GetPressedButton
 .text.HDCM_Init
                0x000032ac       0x5e ./HAL/HDCM/HDCM_Program.o
                0x000032ac                HDCM_Init
 .text.HDCM_Forward_M_Left
                0x0000330a       0x22 ./HAL/HDCM/HDCM_Program.o
                0x0000330a                HDCM_Forward_M_Left
 .text.HDCM_Backward_M_Left
                0x0000332c       0x22 ./HAL/HDCM/HDCM_Program.o
                0x0000332c                HDCM_Backward_M_Left
 .text.HDCM_Forward_M_Right
                0x0000334e       0x22 ./HAL/HDCM/HDCM_Program.o
                0x0000334e                HDCM_Forward_M_Right
 .text.HDCM_Backward_M_Right
                0x00003370       0x22 ./HAL/HDCM/HDCM_Program.o
                0x00003370                HDCM_Backward_M_Right
 .text.HDCM_Stop
                0x00003392       0x36 ./HAL/HDCM/HDCM_Program.o
                0x00003392                HDCM_Stop
 .text.HDCM_Forward
                0x000033c8       0x16 ./HAL/HDCM/HDCM_Program.o
                0x000033c8                HDCM_Forward
 .text.HDCM_Back
                0x000033de      0x1fa ./HAL/HDCM/HDCM_Program.o
                0x000033de                HDCM_Back
 .text.HDCM_Right
                0x000035d8      0x1f6 ./HAL/HDCM/HDCM_Program.o
                0x000035d8                HDCM_Right
 .text.HDCM_Left
                0x000037ce      0x1f6 ./HAL/HDCM/HDCM_Program.o
                0x000037ce                HDCM_Left
 .text.HCLCD_WriteCommand4Bit
                0x000039c4      0x248 ./HAL/HCLCD/HCLCD_Program.o
                0x000039c4                HCLCD_WriteCommand4Bit
 .text.HCLCD_Init4Bit
                0x00003c0c      0x426 ./HAL/HCLCD/HCLCD_Program.o
                0x00003c0c                HCLCD_Init4Bit
 .text.HCLCD_WriteChar4Bit
                0x00004032      0x248 ./HAL/HCLCD/HCLCD_Program.o
                0x00004032                HCLCD_WriteChar4Bit
 .text.HCLCD_SetCursorPosition
                0x0000427a       0x42 ./HAL/HCLCD/HCLCD_Program.o
                0x0000427a                HCLCD_SetCursorPosition
 .text.HCLCD_WriteString
                0x000042bc       0x52 ./HAL/HCLCD/HCLCD_Program.o
                0x000042bc                HCLCD_WriteString
 .text.HCLCD_WriteIntegerValue
                0x0000430e      0x11e ./HAL/HCLCD/HCLCD_Program.o
                0x0000430e                HCLCD_WriteIntegerValue
 .text.EEPROM_WriteByte
                0x0000442c       0x40 ./HAL/EEPROM/EEPROM_Program.o
                0x0000442c                EEPROM_WriteByte
 .text.EEPROM_ReadByte
                0x0000446c       0x4c ./HAL/EEPROM/EEPROM_Program.o
                0x0000446c                EEPROM_ReadByte
 .text.main     0x000044b8      0x20a ./main.o
                0x000044b8                main
 .text.libgcc   0x000046c2       0x44 e:/sdk_win_64/sdk_win_64/winavr/bin/../lib/gcc/avr/4.3.3/avr5\libgcc.a(_udivmodsi4.o)
                0x000046c2                __udivmodsi4
 .text.libgcc   0x00004706        0x0 e:/sdk_win_64/sdk_win_64/winavr/bin/../lib/gcc/avr/4.3.3/avr5\libgcc.a(_exit.o)
 .text.libgcc   0x00004706        0x0 e:/sdk_win_64/sdk_win_64/winavr/bin/../lib/gcc/avr/4.3.3/avr5\libgcc.a(_copy_data.o)
 .text.libgcc   0x00004706        0x0 e:/sdk_win_64/sdk_win_64/winavr/bin/../lib/gcc/avr/4.3.3/avr5\libgcc.a(_clear_bss.o)
 .text.libgcc   0x00004706       0x38 e:/sdk_win_64/sdk_win_64/winavr/bin/../lib/gcc/avr/4.3.3/avr5\libgcc.a(_prologue.o)
                0x00004706                __prologue_saves__
 .text.libgcc   0x0000473e       0x36 e:/sdk_win_64/sdk_win_64/winavr/bin/../lib/gcc/avr/4.3.3/avr5\libgcc.a(_epilogue.o)
                0x0000473e                __epilogue_restores__
                0x00004774                . = ALIGN (0x2)
 *(.fini9)
 .fini9         0x00004774        0x0 e:/sdk_win_64/sdk_win_64/winavr/bin/../lib/gcc/avr/4.3.3/avr5\libgcc.a(_exit.o)
                0x00004774                exit
                0x00004774                _exit
 *(.fini9)
 *(.fini8)
 *(.fini8)
 *(.fini7)
 *(.fini7)
 *(.fini6)
 *(.fini6)
 *(.fini5)
 *(.fini5)
 *(.fini4)
 *(.fini4)
 *(.fini3)
 *(.fini3)
 *(.fini2)
 *(.fini2)
 *(.fini1)
 *(.fini1)
 *(.fini0)
 .fini0         0x00004774        0x4 e:/sdk_win_64/sdk_win_64/winavr/bin/../lib/gcc/avr/4.3.3/avr5\libgcc.a(_exit.o)
 *(.fini0)
                0x00004778                _etext = .

.data           0x00800060       0x2e load address 0x00004778
                0x00800060                PROVIDE (__data_start, .)
 *(.data)
 .data          0x00800060        0x0 e:/sdk_win_64/sdk_win_64/winavr/bin/../lib/gcc/avr/4.3.3/../../../../avr/lib/avr5/crtm32.o
 .data          0x00800060        0x0 ./MCAL/MUSART/MSUART_Program.o
 .data          0x00800060        0x0 ./MCAL/MTWI/MTWI_Program.o
 .data          0x00800060        0x0 ./MCAL/MTIMER/MTIMER_Program.o
 .data          0x00800060        0x0 ./MCAL/MSPI/MSPI_Program.o
 .data          0x00800060        0x0 ./MCAL/MGIE/MGIE_Program.o
 .data          0x00800060        0x0 ./MCAL/MEXTI/MEXTI_Program.o
 .data          0x00800060        0x0 ./MCAL/MDIO/MDIO_Program.o
 .data          0x00800060        0x0 ./MCAL/MADC/MADC_Program.o
 .data          0x00800060        0x0 ./HAL/HUS/HUS_Program.o
 .data          0x00800060        0x0 ./HAL/HSEVEN_SEG/HSEVEN_SEG_Program.o
 .data          0x00800060        0x0 ./HAL/HSERVO/HSERVO_Programe.o
 .data          0x00800060        0x0 ./HAL/HKPD/HKPD_Program.o
 .data          0x00800060        0x0 ./HAL/HDCM/HDCM_Program.o
 .data          0x00800060        0x0 ./HAL/HCLCD/HCLCD_Program.o
 .data          0x00800060        0x0 ./HAL/EEPROM/EEPROM_Program.o
 .data          0x00800060        0xd ./main.o
 .data          0x0080006d        0x0 e:/sdk_win_64/sdk_win_64/winavr/bin/../lib/gcc/avr/4.3.3/avr5\libgcc.a(_udivmodsi4.o)
 .data          0x0080006d        0x0 e:/sdk_win_64/sdk_win_64/winavr/bin/../lib/gcc/avr/4.3.3/avr5\libgcc.a(_exit.o)
 .data          0x0080006d        0x0 e:/sdk_win_64/sdk_win_64/winavr/bin/../lib/gcc/avr/4.3.3/avr5\libgcc.a(_copy_data.o)
 .data          0x0080006d        0x0 e:/sdk_win_64/sdk_win_64/winavr/bin/../lib/gcc/avr/4.3.3/avr5\libgcc.a(_clear_bss.o)
 .data          0x0080006d        0x0 e:/sdk_win_64/sdk_win_64/winavr/bin/../lib/gcc/avr/4.3.3/avr5\libgcc.a(_fixunssfsi.o)
 .data          0x0080006d        0x0 e:/sdk_win_64/sdk_win_64/winavr/bin/../lib/gcc/avr/4.3.3/avr5\libgcc.a(_addsub_sf.o)
 .data          0x0080006d        0x0 e:/sdk_win_64/sdk_win_64/winavr/bin/../lib/gcc/avr/4.3.3/avr5\libgcc.a(_mul_sf.o)
 .data          0x0080006d        0x0 e:/sdk_win_64/sdk_win_64/winavr/bin/../lib/gcc/avr/4.3.3/avr5\libgcc.a(_div_sf.o)
 .data          0x0080006d        0x0 e:/sdk_win_64/sdk_win_64/winavr/bin/../lib/gcc/avr/4.3.3/avr5\libgcc.a(_gt_sf.o)
 .data          0x0080006d        0x0 e:/sdk_win_64/sdk_win_64/winavr/bin/../lib/gcc/avr/4.3.3/avr5\libgcc.a(_ge_sf.o)
 .data          0x0080006d        0x0 e:/sdk_win_64/sdk_win_64/winavr/bin/../lib/gcc/avr/4.3.3/avr5\libgcc.a(_lt_sf.o)
 .data          0x0080006d        0x0 e:/sdk_win_64/sdk_win_64/winavr/bin/../lib/gcc/avr/4.3.3/avr5\libgcc.a(_sf_to_si.o)
 .data          0x0080006d        0x8 e:/sdk_win_64/sdk_win_64/winavr/bin/../lib/gcc/avr/4.3.3/avr5\libgcc.a(_thenan_sf.o)
                0x0080006d                __thenan_sf
 .data          0x00800075        0x0 e:/sdk_win_64/sdk_win_64/winavr/bin/../lib/gcc/avr/4.3.3/avr5\libgcc.a(_prologue.o)
 .data          0x00800075        0x0 e:/sdk_win_64/sdk_win_64/winavr/bin/../lib/gcc/avr/4.3.3/avr5\libgcc.a(_epilogue.o)
 .data          0x00800075        0x0 e:/sdk_win_64/sdk_win_64/winavr/bin/../lib/gcc/avr/4.3.3/avr5\libgcc.a(_pack_sf.o)
 .data          0x00800075        0x0 e:/sdk_win_64/sdk_win_64/winavr/bin/../lib/gcc/avr/4.3.3/avr5\libgcc.a(_unpack_sf.o)
 .data          0x00800075        0x0 e:/sdk_win_64/sdk_win_64/winavr/bin/../lib/gcc/avr/4.3.3/avr5\libgcc.a(_fpcmp_parts_sf.o)
 *(.data*)
 .data.GLOB_Rising_Detect
                0x00800075        0x1 ./HAL/HUS/HUS_Program.o
 .data.HKPD_SwitchValues
                0x00800076       0x10 ./HAL/HKPD/HKPD_Program.o
                0x00800076                HKPD_SwitchValues
 *(.rodata)
 *(.rodata*)
 .rodata.C.0.1331
                0x00800086        0x8 ./HAL/HKPD/HKPD_Program.o
 *(.gnu.linkonce.d*)
                0x0080008e                . = ALIGN (0x2)
                0x0080008e                _edata = .
                0x0080008e                PROVIDE (__data_end, .)

.bss            0x0080008e        0xe
                0x0080008e                PROVIDE (__bss_start, .)
 *(.bss)
 .bss           0x0080008e        0x0 e:/sdk_win_64/sdk_win_64/winavr/bin/../lib/gcc/avr/4.3.3/../../../../avr/lib/avr5/crtm32.o
 .bss           0x0080008e        0x0 ./MCAL/MUSART/MSUART_Program.o
 .bss           0x0080008e        0x0 ./MCAL/MTWI/MTWI_Program.o
 .bss           0x0080008e        0x0 ./MCAL/MTIMER/MTIMER_Program.o
 .bss           0x0080008e        0x0 ./MCAL/MSPI/MSPI_Program.o
 .bss           0x0080008e        0x0 ./MCAL/MGIE/MGIE_Program.o
 .bss           0x0080008e        0x0 ./MCAL/MEXTI/MEXTI_Program.o
 .bss           0x0080008e        0x0 ./MCAL/MDIO/MDIO_Program.o
 .bss           0x0080008e        0x0 ./MCAL/MADC/MADC_Program.o
 .bss           0x0080008e        0x0 ./HAL/HUS/HUS_Program.o
 .bss           0x0080008e        0x0 ./HAL/HSEVEN_SEG/HSEVEN_SEG_Program.o
 .bss           0x0080008e        0x0 ./HAL/HSERVO/HSERVO_Programe.o
 .bss           0x0080008e        0x0 ./HAL/HKPD/HKPD_Program.o
 .bss           0x0080008e        0x0 ./HAL/HDCM/HDCM_Program.o
 .bss           0x0080008e        0x0 ./HAL/HCLCD/HCLCD_Program.o
 .bss           0x0080008e        0x0 ./HAL/EEPROM/EEPROM_Program.o
 .bss           0x0080008e        0x0 ./main.o
 .bss           0x0080008e        0x0 e:/sdk_win_64/sdk_win_64/winavr/bin/../lib/gcc/avr/4.3.3/avr5\libgcc.a(_udivmodsi4.o)
 .bss           0x0080008e        0x0 e:/sdk_win_64/sdk_win_64/winavr/bin/../lib/gcc/avr/4.3.3/avr5\libgcc.a(_exit.o)
 .bss           0x0080008e        0x0 e:/sdk_win_64/sdk_win_64/winavr/bin/../lib/gcc/avr/4.3.3/avr5\libgcc.a(_copy_data.o)
 .bss           0x0080008e        0x0 e:/sdk_win_64/sdk_win_64/winavr/bin/../lib/gcc/avr/4.3.3/avr5\libgcc.a(_clear_bss.o)
 .bss           0x0080008e        0x0 e:/sdk_win_64/sdk_win_64/winavr/bin/../lib/gcc/avr/4.3.3/avr5\libgcc.a(_fixunssfsi.o)
 .bss           0x0080008e        0x0 e:/sdk_win_64/sdk_win_64/winavr/bin/../lib/gcc/avr/4.3.3/avr5\libgcc.a(_addsub_sf.o)
 .bss           0x0080008e        0x0 e:/sdk_win_64/sdk_win_64/winavr/bin/../lib/gcc/avr/4.3.3/avr5\libgcc.a(_mul_sf.o)
 .bss           0x0080008e        0x0 e:/sdk_win_64/sdk_win_64/winavr/bin/../lib/gcc/avr/4.3.3/avr5\libgcc.a(_div_sf.o)
 .bss           0x0080008e        0x0 e:/sdk_win_64/sdk_win_64/winavr/bin/../lib/gcc/avr/4.3.3/avr5\libgcc.a(_gt_sf.o)
 .bss           0x0080008e        0x0 e:/sdk_win_64/sdk_win_64/winavr/bin/../lib/gcc/avr/4.3.3/avr5\libgcc.a(_ge_sf.o)
 .bss           0x0080008e        0x0 e:/sdk_win_64/sdk_win_64/winavr/bin/../lib/gcc/avr/4.3.3/avr5\libgcc.a(_lt_sf.o)
 .bss           0x0080008e        0x0 e:/sdk_win_64/sdk_win_64/winavr/bin/../lib/gcc/avr/4.3.3/avr5\libgcc.a(_sf_to_si.o)
 .bss           0x0080008e        0x0 e:/sdk_win_64/sdk_win_64/winavr/bin/../lib/gcc/avr/4.3.3/avr5\libgcc.a(_thenan_sf.o)
 .bss           0x0080008e        0x0 e:/sdk_win_64/sdk_win_64/winavr/bin/../lib/gcc/avr/4.3.3/avr5\libgcc.a(_prologue.o)
 .bss           0x0080008e        0x0 e:/sdk_win_64/sdk_win_64/winavr/bin/../lib/gcc/avr/4.3.3/avr5\libgcc.a(_epilogue.o)
 .bss           0x0080008e        0x0 e:/sdk_win_64/sdk_win_64/winavr/bin/../lib/gcc/avr/4.3.3/avr5\libgcc.a(_pack_sf.o)
 .bss           0x0080008e        0x0 e:/sdk_win_64/sdk_win_64/winavr/bin/../lib/gcc/avr/4.3.3/avr5\libgcc.a(_unpack_sf.o)
 .bss           0x0080008e        0x0 e:/sdk_win_64/sdk_win_64/winavr/bin/../lib/gcc/avr/4.3.3/avr5\libgcc.a(_fpcmp_parts_sf.o)
 *(.bss*)
 .bss.Glob_OverflowISR_Ptr
                0x0080008e        0x2 ./MCAL/MTIMER/MTIMER_Program.o
                0x0080008e                Glob_OverflowISR_Ptr
 .bss.Glob_CTC_ISR_Ptr
                0x00800090        0x2 ./MCAL/MTIMER/MTIMER_Program.o
                0x00800090                Glob_CTC_ISR_Ptr
 .bss.Global_Pointer1
                0x00800092        0x2 ./MCAL/MEXTI/MEXTI_Program.o
                0x00800092                Global_Pointer1
 .bss.Global_Pointer2
                0x00800094        0x2 ./MCAL/MEXTI/MEXTI_Program.o
                0x00800094                Global_Pointer2
 .bss.GLOB_Overflow_Counter
                0x00800096        0x1 ./HAL/HUS/HUS_Program.o
 .bss.GLOB_On_Time
                0x00800097        0x2 ./HAL/HUS/HUS_Program.o
                0x00800097                GLOB_On_Time
 .bss.GLOB_DIS  0x00800099        0x2 ./HAL/HUS/HUS_Program.o
                0x00800099                GLOB_DIS
 .bss.CursorPosition
                0x0080009b        0x1 ./HAL/HKPD/HKPD_Program.o
                0x0080009b                CursorPosition
 *(COMMON)
                0x0080009c                PROVIDE (__bss_end, .)
                0x00004778                __data_load_start = LOADADDR (.data)
                0x000047a6                __data_load_end = (__data_load_start + SIZEOF (.data))

.noinit         0x0080009c        0x0
                0x0080009c                PROVIDE (__noinit_start, .)
 *(.noinit*)
                0x0080009c                PROVIDE (__noinit_end, .)
                0x0080009c                _end = .
                0x0080009c                PROVIDE (__heap_start, .)

.eeprom         0x00810000        0x0
 *(.eeprom*)
                0x00810000                __eeprom_end = .

.fuse
 *(.fuse)
 *(.lfuse)
 *(.hfuse)
 *(.efuse)

.lock
 *(.lock*)

.signature
 *(.signature*)

.stab           0x00000000     0x4e18
 *(.stab)
 .stab          0x00000000      0x3b4 ./MCAL/MUSART/MSUART_Program.o
 .stab          0x000003b4      0x744 ./MCAL/MTWI/MTWI_Program.o
                                0x750 (size before relaxing)
 .stab          0x00000af8      0x3e4 ./MCAL/MTIMER/MTIMER_Program.o
                                0x3f0 (size before relaxing)
 .stab          0x00000edc      0x270 ./MCAL/MSPI/MSPI_Program.o
                                0x27c (size before relaxing)
 .stab          0x0000114c      0x138 ./MCAL/MGIE/MGIE_Program.o
                                0x144 (size before relaxing)
 .stab          0x00001284      0x2f4 ./MCAL/MEXTI/MEXTI_Program.o
                                0x300 (size before relaxing)
 .stab          0x00001578      0x6f0 ./MCAL/MDIO/MDIO_Program.o
                                0x6fc (size before relaxing)
 .stab          0x00001c68      0x234 ./MCAL/MADC/MADC_Program.o
                                0x240 (size before relaxing)
 .stab          0x00001e9c      0x774 ./HAL/HUS/HUS_Program.o
                                0x780 (size before relaxing)
 .stab          0x00002610      0x438 ./HAL/HSEVEN_SEG/HSEVEN_SEG_Program.o
                                0x444 (size before relaxing)
 .stab          0x00002a48      0x648 ./HAL/HSERVO/HSERVO_Programe.o
                                0x7e0 (size before relaxing)
 .stab          0x00003090      0x474 ./HAL/HKPD/HKPD_Program.o
                                0x60c (size before relaxing)
 .stab          0x00003504      0x840 ./HAL/HDCM/HDCM_Program.o
                                0x9d8 (size before relaxing)
 .stab          0x00003d44      0xaf8 ./HAL/HCLCD/HCLCD_Program.o
                                0xc90 (size before relaxing)
 .stab          0x0000483c      0x2c4 ./HAL/EEPROM/EEPROM_Program.o
                                0x2d0 (size before relaxing)
 .stab          0x00004b00      0x318 ./main.o
                                0x510 (size before relaxing)

.stabstr        0x00000000     0x1e4e
 *(.stabstr)
 .stabstr       0x00000000     0x1e4e ./MCAL/MUSART/MSUART_Program.o

.stab.excl
 *(.stab.excl)

.stab.exclstr
 *(.stab.exclstr)

.stab.index
 *(.stab.index)

.stab.indexstr
 *(.stab.indexstr)

.comment
 *(.comment)

.debug
 *(.debug)

.line
 *(.line)

.debug_srcinfo
 *(.debug_srcinfo)

.debug_sfnames
 *(.debug_sfnames)

.debug_aranges  0x00000000      0x160
 *(.debug_aranges)
 .debug_aranges
                0x00000000       0x20 e:/sdk_win_64/sdk_win_64/winavr/bin/../lib/gcc/avr/4.3.3/avr5\libgcc.a(_fixunssfsi.o)
 .debug_aranges
                0x00000020       0x20 e:/sdk_win_64/sdk_win_64/winavr/bin/../lib/gcc/avr/4.3.3/avr5\libgcc.a(_addsub_sf.o)
 .debug_aranges
                0x00000040       0x20 e:/sdk_win_64/sdk_win_64/winavr/bin/../lib/gcc/avr/4.3.3/avr5\libgcc.a(_mul_sf.o)
 .debug_aranges
                0x00000060       0x20 e:/sdk_win_64/sdk_win_64/winavr/bin/../lib/gcc/avr/4.3.3/avr5\libgcc.a(_div_sf.o)
 .debug_aranges
                0x00000080       0x20 e:/sdk_win_64/sdk_win_64/winavr/bin/../lib/gcc/avr/4.3.3/avr5\libgcc.a(_gt_sf.o)
 .debug_aranges
                0x000000a0       0x20 e:/sdk_win_64/sdk_win_64/winavr/bin/../lib/gcc/avr/4.3.3/avr5\libgcc.a(_ge_sf.o)
 .debug_aranges
                0x000000c0       0x20 e:/sdk_win_64/sdk_win_64/winavr/bin/../lib/gcc/avr/4.3.3/avr5\libgcc.a(_lt_sf.o)
 .debug_aranges
                0x000000e0       0x20 e:/sdk_win_64/sdk_win_64/winavr/bin/../lib/gcc/avr/4.3.3/avr5\libgcc.a(_sf_to_si.o)
 .debug_aranges
                0x00000100       0x20 e:/sdk_win_64/sdk_win_64/winavr/bin/../lib/gcc/avr/4.3.3/avr5\libgcc.a(_pack_sf.o)
 .debug_aranges
                0x00000120       0x20 e:/sdk_win_64/sdk_win_64/winavr/bin/../lib/gcc/avr/4.3.3/avr5\libgcc.a(_unpack_sf.o)
 .debug_aranges
                0x00000140       0x20 e:/sdk_win_64/sdk_win_64/winavr/bin/../lib/gcc/avr/4.3.3/avr5\libgcc.a(_fpcmp_parts_sf.o)

.debug_pubnames
                0x00000000      0x18f
 *(.debug_pubnames)
 .debug_pubnames
                0x00000000       0x23 e:/sdk_win_64/sdk_win_64/winavr/bin/../lib/gcc/avr/4.3.3/avr5\libgcc.a(_fixunssfsi.o)
 .debug_pubnames
                0x00000023       0x2c e:/sdk_win_64/sdk_win_64/winavr/bin/../lib/gcc/avr/4.3.3/avr5\libgcc.a(_addsub_sf.o)
 .debug_pubnames
                0x0000004f       0x1f e:/sdk_win_64/sdk_win_64/winavr/bin/../lib/gcc/avr/4.3.3/avr5\libgcc.a(_mul_sf.o)
 .debug_pubnames
                0x0000006e       0x1f e:/sdk_win_64/sdk_win_64/winavr/bin/../lib/gcc/avr/4.3.3/avr5\libgcc.a(_div_sf.o)
 .debug_pubnames
                0x0000008d       0x1e e:/sdk_win_64/sdk_win_64/winavr/bin/../lib/gcc/avr/4.3.3/avr5\libgcc.a(_gt_sf.o)
 .debug_pubnames
                0x000000ab       0x1e e:/sdk_win_64/sdk_win_64/winavr/bin/../lib/gcc/avr/4.3.3/avr5\libgcc.a(_ge_sf.o)
 .debug_pubnames
                0x000000c9       0x1e e:/sdk_win_64/sdk_win_64/winavr/bin/../lib/gcc/avr/4.3.3/avr5\libgcc.a(_lt_sf.o)
 .debug_pubnames
                0x000000e7       0x20 e:/sdk_win_64/sdk_win_64/winavr/bin/../lib/gcc/avr/4.3.3/avr5\libgcc.a(_sf_to_si.o)
 .debug_pubnames
                0x00000107       0x22 e:/sdk_win_64/sdk_win_64/winavr/bin/../lib/gcc/avr/4.3.3/avr5\libgcc.a(_thenan_sf.o)
 .debug_pubnames
                0x00000129       0x1f e:/sdk_win_64/sdk_win_64/winavr/bin/../lib/gcc/avr/4.3.3/avr5\libgcc.a(_pack_sf.o)
 .debug_pubnames
                0x00000148       0x21 e:/sdk_win_64/sdk_win_64/winavr/bin/../lib/gcc/avr/4.3.3/avr5\libgcc.a(_unpack_sf.o)
 .debug_pubnames
                0x00000169       0x26 e:/sdk_win_64/sdk_win_64/winavr/bin/../lib/gcc/avr/4.3.3/avr5\libgcc.a(_fpcmp_parts_sf.o)

.debug_info     0x00000000     0x2045
 *(.debug_info)
 .debug_info    0x00000000       0xb1 e:/sdk_win_64/sdk_win_64/winavr/bin/../lib/gcc/avr/4.3.3/avr5\libgcc.a(_fixunssfsi.o)
 .debug_info    0x000000b1      0x47a e:/sdk_win_64/sdk_win_64/winavr/bin/../lib/gcc/avr/4.3.3/avr5\libgcc.a(_addsub_sf.o)
 .debug_info    0x0000052b      0x485 e:/sdk_win_64/sdk_win_64/winavr/bin/../lib/gcc/avr/4.3.3/avr5\libgcc.a(_mul_sf.o)
 .debug_info    0x000009b0      0x3fc e:/sdk_win_64/sdk_win_64/winavr/bin/../lib/gcc/avr/4.3.3/avr5\libgcc.a(_div_sf.o)
 .debug_info    0x00000dac      0x27f e:/sdk_win_64/sdk_win_64/winavr/bin/../lib/gcc/avr/4.3.3/avr5\libgcc.a(_gt_sf.o)
 .debug_info    0x0000102b      0x27f e:/sdk_win_64/sdk_win_64/winavr/bin/../lib/gcc/avr/4.3.3/avr5\libgcc.a(_ge_sf.o)
 .debug_info    0x000012aa      0x27f e:/sdk_win_64/sdk_win_64/winavr/bin/../lib/gcc/avr/4.3.3/avr5\libgcc.a(_lt_sf.o)
 .debug_info    0x00001529      0x2b0 e:/sdk_win_64/sdk_win_64/winavr/bin/../lib/gcc/avr/4.3.3/avr5\libgcc.a(_sf_to_si.o)
 .debug_info    0x000017d9      0x12c e:/sdk_win_64/sdk_win_64/winavr/bin/../lib/gcc/avr/4.3.3/avr5\libgcc.a(_thenan_sf.o)
 .debug_info    0x00001905      0x2df e:/sdk_win_64/sdk_win_64/winavr/bin/../lib/gcc/avr/4.3.3/avr5\libgcc.a(_pack_sf.o)
 .debug_info    0x00001be4      0x251 e:/sdk_win_64/sdk_win_64/winavr/bin/../lib/gcc/avr/4.3.3/avr5\libgcc.a(_unpack_sf.o)
 .debug_info    0x00001e35      0x210 e:/sdk_win_64/sdk_win_64/winavr/bin/../lib/gcc/avr/4.3.3/avr5\libgcc.a(_fpcmp_parts_sf.o)
 *(.gnu.linkonce.wi.*)

.debug_abbrev   0x00000000     0x1101
 *(.debug_abbrev)
 .debug_abbrev  0x00000000       0x5d e:/sdk_win_64/sdk_win_64/winavr/bin/../lib/gcc/avr/4.3.3/avr5\libgcc.a(_fixunssfsi.o)
 .debug_abbrev  0x0000005d      0x1ea e:/sdk_win_64/sdk_win_64/winavr/bin/../lib/gcc/avr/4.3.3/avr5\libgcc.a(_addsub_sf.o)
 .debug_abbrev  0x00000247      0x21b e:/sdk_win_64/sdk_win_64/winavr/bin/../lib/gcc/avr/4.3.3/avr5\libgcc.a(_mul_sf.o)
 .debug_abbrev  0x00000462      0x216 e:/sdk_win_64/sdk_win_64/winavr/bin/../lib/gcc/avr/4.3.3/avr5\libgcc.a(_div_sf.o)
 .debug_abbrev  0x00000678      0x15a e:/sdk_win_64/sdk_win_64/winavr/bin/../lib/gcc/avr/4.3.3/avr5\libgcc.a(_gt_sf.o)
 .debug_abbrev  0x000007d2      0x15a e:/sdk_win_64/sdk_win_64/winavr/bin/../lib/gcc/avr/4.3.3/avr5\libgcc.a(_ge_sf.o)
 .debug_abbrev  0x0000092c      0x15a e:/sdk_win_64/sdk_win_64/winavr/bin/../lib/gcc/avr/4.3.3/avr5\libgcc.a(_lt_sf.o)
 .debug_abbrev  0x00000a86      0x17f e:/sdk_win_64/sdk_win_64/winavr/bin/../lib/gcc/avr/4.3.3/avr5\libgcc.a(_sf_to_si.o)
 .debug_abbrev  0x00000c05       0xad e:/sdk_win_64/sdk_win_64/winavr/bin/../lib/gcc/avr/4.3.3/avr5\libgcc.a(_thenan_sf.o)
 .debug_abbrev  0x00000cb2      0x1c0 e:/sdk_win_64/sdk_win_64/winavr/bin/../lib/gcc/avr/4.3.3/avr5\libgcc.a(_pack_sf.o)
 .debug_abbrev  0x00000e72      0x154 e:/sdk_win_64/sdk_win_64/winavr/bin/../lib/gcc/avr/4.3.3/avr5\libgcc.a(_unpack_sf.o)
 .debug_abbrev  0x00000fc6      0x13b e:/sdk_win_64/sdk_win_64/winavr/bin/../lib/gcc/avr/4.3.3/avr5\libgcc.a(_fpcmp_parts_sf.o)

.debug_line     0x00000000      0xf82
 *(.debug_line)
 .debug_line    0x00000000       0xa7 e:/sdk_win_64/sdk_win_64/winavr/bin/../lib/gcc/avr/4.3.3/avr5\libgcc.a(_fixunssfsi.o)
 .debug_line    0x000000a7      0x2af e:/sdk_win_64/sdk_win_64/winavr/bin/../lib/gcc/avr/4.3.3/avr5\libgcc.a(_addsub_sf.o)
 .debug_line    0x00000356      0x239 e:/sdk_win_64/sdk_win_64/winavr/bin/../lib/gcc/avr/4.3.3/avr5\libgcc.a(_mul_sf.o)
 .debug_line    0x0000058f      0x1d5 e:/sdk_win_64/sdk_win_64/winavr/bin/../lib/gcc/avr/4.3.3/avr5\libgcc.a(_div_sf.o)
 .debug_line    0x00000764       0xd3 e:/sdk_win_64/sdk_win_64/winavr/bin/../lib/gcc/avr/4.3.3/avr5\libgcc.a(_gt_sf.o)
 .debug_line    0x00000837       0xd3 e:/sdk_win_64/sdk_win_64/winavr/bin/../lib/gcc/avr/4.3.3/avr5\libgcc.a(_ge_sf.o)
 .debug_line    0x0000090a       0xd3 e:/sdk_win_64/sdk_win_64/winavr/bin/../lib/gcc/avr/4.3.3/avr5\libgcc.a(_lt_sf.o)
 .debug_line    0x000009dd      0x109 e:/sdk_win_64/sdk_win_64/winavr/bin/../lib/gcc/avr/4.3.3/avr5\libgcc.a(_sf_to_si.o)
 .debug_line    0x00000ae6       0x90 e:/sdk_win_64/sdk_win_64/winavr/bin/../lib/gcc/avr/4.3.3/avr5\libgcc.a(_thenan_sf.o)
 .debug_line    0x00000b76      0x18a e:/sdk_win_64/sdk_win_64/winavr/bin/../lib/gcc/avr/4.3.3/avr5\libgcc.a(_pack_sf.o)
 .debug_line    0x00000d00      0x14b e:/sdk_win_64/sdk_win_64/winavr/bin/../lib/gcc/avr/4.3.3/avr5\libgcc.a(_unpack_sf.o)
 .debug_line    0x00000e4b      0x137 e:/sdk_win_64/sdk_win_64/winavr/bin/../lib/gcc/avr/4.3.3/avr5\libgcc.a(_fpcmp_parts_sf.o)

.debug_frame    0x00000000      0x180
 *(.debug_frame)
 .debug_frame   0x00000000       0x20 e:/sdk_win_64/sdk_win_64/winavr/bin/../lib/gcc/avr/4.3.3/avr5\libgcc.a(_fixunssfsi.o)
 .debug_frame   0x00000020       0x40 e:/sdk_win_64/sdk_win_64/winavr/bin/../lib/gcc/avr/4.3.3/avr5\libgcc.a(_addsub_sf.o)
 .debug_frame   0x00000060       0x20 e:/sdk_win_64/sdk_win_64/winavr/bin/../lib/gcc/avr/4.3.3/avr5\libgcc.a(_mul_sf.o)
 .debug_frame   0x00000080       0x20 e:/sdk_win_64/sdk_win_64/winavr/bin/../lib/gcc/avr/4.3.3/avr5\libgcc.a(_div_sf.o)
 .debug_frame   0x000000a0       0x20 e:/sdk_win_64/sdk_win_64/winavr/bin/../lib/gcc/avr/4.3.3/avr5\libgcc.a(_gt_sf.o)
 .debug_frame   0x000000c0       0x20 e:/sdk_win_64/sdk_win_64/winavr/bin/../lib/gcc/avr/4.3.3/avr5\libgcc.a(_ge_sf.o)
 .debug_frame   0x000000e0       0x20 e:/sdk_win_64/sdk_win_64/winavr/bin/../lib/gcc/avr/4.3.3/avr5\libgcc.a(_lt_sf.o)
 .debug_frame   0x00000100       0x20 e:/sdk_win_64/sdk_win_64/winavr/bin/../lib/gcc/avr/4.3.3/avr5\libgcc.a(_sf_to_si.o)
 .debug_frame   0x00000120       0x20 e:/sdk_win_64/sdk_win_64/winavr/bin/../lib/gcc/avr/4.3.3/avr5\libgcc.a(_pack_sf.o)
 .debug_frame   0x00000140       0x20 e:/sdk_win_64/sdk_win_64/winavr/bin/../lib/gcc/avr/4.3.3/avr5\libgcc.a(_unpack_sf.o)
 .debug_frame   0x00000160       0x20 e:/sdk_win_64/sdk_win_64/winavr/bin/../lib/gcc/avr/4.3.3/avr5\libgcc.a(_fpcmp_parts_sf.o)

.debug_str      0x00000000      0x2c2
 *(.debug_str)
 .debug_str     0x00000000       0xbf e:/sdk_win_64/sdk_win_64/winavr/bin/../lib/gcc/avr/4.3.3/avr5\libgcc.a(_fixunssfsi.o)
                                 0xfe (size before relaxing)
 .debug_str     0x000000bf      0x14d e:/sdk_win_64/sdk_win_64/winavr/bin/../lib/gcc/avr/4.3.3/avr5\libgcc.a(_addsub_sf.o)
                                0x206 (size before relaxing)
 .debug_str     0x0000020c       0x27 e:/sdk_win_64/sdk_win_64/winavr/bin/../lib/gcc/avr/4.3.3/avr5\libgcc.a(_mul_sf.o)
                                0x1bf (size before relaxing)
 .debug_str     0x00000233       0x35 e:/sdk_win_64/sdk_win_64/winavr/bin/../lib/gcc/avr/4.3.3/avr5\libgcc.a(_div_sf.o)
                                0x1c8 (size before relaxing)
 .debug_str     0x00000268        0xf e:/sdk_win_64/sdk_win_64/winavr/bin/../lib/gcc/avr/4.3.3/avr5\libgcc.a(_gt_sf.o)
                                0x195 (size before relaxing)
 .debug_str     0x00000277        0x8 e:/sdk_win_64/sdk_win_64/winavr/bin/../lib/gcc/avr/4.3.3/avr5\libgcc.a(_ge_sf.o)
                                0x195 (size before relaxing)
 .debug_str     0x0000027f        0x8 e:/sdk_win_64/sdk_win_64/winavr/bin/../lib/gcc/avr/4.3.3/avr5\libgcc.a(_lt_sf.o)
                                0x195 (size before relaxing)
 .debug_str     0x00000287        0xa e:/sdk_win_64/sdk_win_64/winavr/bin/../lib/gcc/avr/4.3.3/avr5\libgcc.a(_sf_to_si.o)
                                0x19e (size before relaxing)
 .debug_str     0x00000000      0x103 e:/sdk_win_64/sdk_win_64/winavr/bin/../lib/gcc/avr/4.3.3/avr5\libgcc.a(_thenan_sf.o)
 .debug_str     0x00000291       0x16 e:/sdk_win_64/sdk_win_64/winavr/bin/../lib/gcc/avr/4.3.3/avr5\libgcc.a(_pack_sf.o)
                                0x19d (size before relaxing)
 .debug_str     0x000002a7        0xb e:/sdk_win_64/sdk_win_64/winavr/bin/../lib/gcc/avr/4.3.3/avr5\libgcc.a(_unpack_sf.o)
                                0x17f (size before relaxing)
 .debug_str     0x000002b2       0x10 e:/sdk_win_64/sdk_win_64/winavr/bin/../lib/gcc/avr/4.3.3/avr5\libgcc.a(_fpcmp_parts_sf.o)
                                0x163 (size before relaxing)

.debug_loc      0x00000000      0x88e
 *(.debug_loc)
 .debug_loc     0x00000000       0x34 e:/sdk_win_64/sdk_win_64/winavr/bin/../lib/gcc/avr/4.3.3/avr5\libgcc.a(_fixunssfsi.o)
 .debug_loc     0x00000034      0x32a e:/sdk_win_64/sdk_win_64/winavr/bin/../lib/gcc/avr/4.3.3/avr5\libgcc.a(_addsub_sf.o)
 .debug_loc     0x0000035e      0x104 e:/sdk_win_64/sdk_win_64/winavr/bin/../lib/gcc/avr/4.3.3/avr5\libgcc.a(_mul_sf.o)
 .debug_loc     0x00000462       0xc0 e:/sdk_win_64/sdk_win_64/winavr/bin/../lib/gcc/avr/4.3.3/avr5\libgcc.a(_div_sf.o)
 .debug_loc     0x00000522       0x3c e:/sdk_win_64/sdk_win_64/winavr/bin/../lib/gcc/avr/4.3.3/avr5\libgcc.a(_gt_sf.o)
 .debug_loc     0x0000055e       0x3c e:/sdk_win_64/sdk_win_64/winavr/bin/../lib/gcc/avr/4.3.3/avr5\libgcc.a(_ge_sf.o)
 .debug_loc     0x0000059a       0x3c e:/sdk_win_64/sdk_win_64/winavr/bin/../lib/gcc/avr/4.3.3/avr5\libgcc.a(_lt_sf.o)
 .debug_loc     0x000005d6       0x7e e:/sdk_win_64/sdk_win_64/winavr/bin/../lib/gcc/avr/4.3.3/avr5\libgcc.a(_sf_to_si.o)
 .debug_loc     0x00000654      0x13e e:/sdk_win_64/sdk_win_64/winavr/bin/../lib/gcc/avr/4.3.3/avr5\libgcc.a(_pack_sf.o)
 .debug_loc     0x00000792       0xac e:/sdk_win_64/sdk_win_64/winavr/bin/../lib/gcc/avr/4.3.3/avr5\libgcc.a(_unpack_sf.o)
 .debug_loc     0x0000083e       0x50 e:/sdk_win_64/sdk_win_64/winavr/bin/../lib/gcc/avr/4.3.3/avr5\libgcc.a(_fpcmp_parts_sf.o)

.debug_macinfo
 *(.debug_macinfo)
OUTPUT(Autonomous_Car_AMIT.elf elf32-avr)
LOAD linker stubs

.debug_ranges   0x00000000       0x50
 .debug_ranges  0x00000000       0x50 e:/sdk_win_64/sdk_win_64/winavr/bin/../lib/gcc/avr/4.3.3/avr5\libgcc.a(_mul_sf.o)
